
Z820@DESKTOP-HTOBQJQ MINGW64 /e/Pavan/Consultadd/InnovationPython_Pavneet (master)
$ git diff

Z820@DESKTOP-HTOBQJQ MINGW64 /e/Pavan/Consultadd/InnovationPython_Pavneet (master)
$ git diff

Z820@DESKTOP-HTOBQJQ MINGW64 /e/Pavan/Consultadd/InnovationPython_Pavneet (master)
$ git diff

Z820@DESKTOP-HTOBQJQ MINGW64 /e/Pavan/Consultadd/InnovationPython_Pavneet (master)
$ git status
On branch master
Your branch is up to date with 'origin/master'.

Untracked files:
  (use "git add <file>..." to include in what will be committed)
        About_GitHub.txt
        About_GitHub_1.txt
        Day_2_Pavneet.txt

nothing added to commit but untracked files present (use "git add" to track)

Z820@DESKTOP-HTOBQJQ MINGW64 /e/Pavan/Consultadd/InnovationPython_Pavneet (master)
$ git add .

Z820@DESKTOP-HTOBQJQ MINGW64 /e/Pavan/Consultadd/InnovationPython_Pavneet (master)
$ git commit -m "This is new file sto be uploaded"

*** Please tell me who you are.

Run

  git config --global user.email "you@example.com"
  git config --global user.name "Your Name"

to set your account's default identity.
Omit --global to set the identity only in this repository.

fatal: unable to auto-detect email address (got 'Z820@DESKTOP-HTOBQJQ.(none)')

Z820@DESKTOP-HTOBQJQ MINGW64 /e/Pavan/Consultadd/InnovationPython_Pavneet (master)
$ ^C

Z820@DESKTOP-HTOBQJQ MINGW64 /e/Pavan/Consultadd/InnovationPython_Pavneet (master)
$ git config --global user.email pavanghai@yahoo.com

Z820@DESKTOP-HTOBQJQ MINGW64 /e/Pavan/Consultadd/InnovationPython_Pavneet (master)
$ git config --global user.name Pavneet Ghai

Z820@DESKTOP-HTOBQJQ MINGW64 /e/Pavan/Consultadd/InnovationPython_Pavneet (master)
$ git status
On branch master
Your branch is up to date with 'origin/master'.

Changes to be committed:
  (use "git restore --staged <file>..." to unstage)
        new file:   About_GitHub.txt
        new file:   About_GitHub_1.txt
        new file:   Day_2_Pavneet.txt


Z820@DESKTOP-HTOBQJQ MINGW64 /e/Pavan/Consultadd/InnovationPython_Pavneet (master)
$ git push
Everything up-to-date

Z820@DESKTOP-HTOBQJQ MINGW64 /e/Pavan/Consultadd/InnovationPython_Pavneet (master)
$ git status
On branch master
Your branch is up to date with 'origin/master'.

Changes to be committed:
  (use "git restore --staged <file>..." to unstage)
        new file:   About_GitHub.txt
        new file:   About_GitHub_1.txt
        new file:   Day_2_Pavneet.txt


Z820@DESKTOP-HTOBQJQ MINGW64 /e/Pavan/Consultadd/InnovationPython_Pavneet (master)
$ git commit -m "Adding new files" -m "Some description in the section on github Innovation Python Repo"
[master 817b11c] Adding new files
 3 files changed, 156 insertions(+)
 create mode 100644 About_GitHub.txt
 create mode 100644 About_GitHub_1.txt
 create mode 100644 Day_2_Pavneet.txt

Z820@DESKTOP-HTOBQJQ MINGW64 /e/Pavan/Consultadd/InnovationPython_Pavneet (master)
$ git push
Enumerating objects: 6, done.
Counting objects: 100% (6/6), done.
Delta compression using up to 32 threads
Compressing objects: 100% (5/5), done.
Writing objects: 100% (5/5), 4.06 KiB | 2.03 MiB/s, done.
Total 5 (delta 1), reused 0 (delta 0), pack-reused 0
remote: Resolving deltas: 100% (1/1), done.
To https://github.com/pavanghai/InnovationPython_Pavneet.git
   466db75..817b11c  master -> master

Z820@DESKTOP-HTOBQJQ MINGW64 /e/Pavan/Consultadd/InnovationPython_Pavneet (master)
$
